19:14:12,502 INFO  [__main__] entering main loop
19:16:53,727 DEBUG [__main__] OnSize!
19:16:53,727 INFO  [__main__] Draw()
19:16:53,728 DEBUG [__main__] OnSize!
19:16:53,728 INFO  [__main__] Draw()
19:16:53,733 INFO  [__main__] entering main loop
19:16:53,735 DEBUG [__main__] OnPaint()
19:16:53,735 INFO  [__main__] Draw()
19:16:53,746 DEBUG [__main__] OnPaint()
19:16:53,746 INFO  [__main__] Draw()
19:16:53,879 DEBUG [__main__] OnPaint()
19:16:53,880 INFO  [__main__] Draw()
19:17:24,570 DEBUG [__main__] OnSize!
19:17:24,572 DEBUG [__main__] OnSize!
19:17:24,577 INFO  [__main__] entering main loop
19:17:24,578 DEBUG [__main__] OnPaint()
19:17:24,579 INFO  [__main__] Draw()
19:17:24,588 DEBUG [__main__] OnPaint()
19:17:24,588 INFO  [__main__] Draw()
19:17:24,652 DEBUG [__main__] OnPaint()
19:17:24,652 INFO  [__main__] Draw()
19:17:34,334 DEBUG [__main__] OnPaint()
19:17:34,335 INFO  [__main__] Draw()
19:17:34,346 DEBUG [__main__] OnSize!
19:17:34,347 DEBUG [__main__] OnSize!
19:17:34,350 DEBUG [__main__] OnPaint()
19:17:34,351 INFO  [__main__] Draw()
19:17:39,594 DEBUG [__main__] OnSize!
19:17:39,595 DEBUG [__main__] OnSize!
19:17:39,601 INFO  [__main__] entering main loop
19:18:08,649 DEBUG [__main__] OnSize!
19:18:08,649 INFO  [__main__] Draw()
19:18:08,650 DEBUG [__main__] OnSize!
19:18:08,650 INFO  [__main__] Draw()
19:18:08,656 INFO  [__main__] entering main loop
19:18:14,145 DEBUG [__main__] OnSize!
19:18:14,145 INFO  [__main__] Draw()
19:18:14,146 DEBUG [__main__] OnSize!
19:18:14,146 INFO  [__main__] Draw()
19:18:14,151 INFO  [__main__] entering main loop
19:18:14,153 DEBUG [__main__] OnPaint()
19:18:14,153 INFO  [__main__] Draw()
19:18:14,163 DEBUG [__main__] OnPaint()
19:18:14,163 INFO  [__main__] Draw()
19:18:14,215 DEBUG [__main__] OnPaint()
19:18:14,215 INFO  [__main__] Draw()
19:30:52,872 DEBUG [__main__] OnSize!
19:30:52,872 INFO  [__main__] Draw()
19:30:52,873 DEBUG [__main__] OnSize!
19:30:52,873 INFO  [__main__] Draw()
19:30:52,880 INFO  [__main__] entering main loop
19:30:52,883 DEBUG [__main__] OnPaint()
19:30:52,883 INFO  [__main__] Draw()
19:30:52,998 DEBUG [__main__] OnPaint()
19:30:52,998 INFO  [__main__] Draw()
19:31:02,162 DEBUG [__main__] OnSize!
19:31:02,162 INFO  [__main__] Draw()
19:31:02,163 DEBUG [__main__] OnSize!
19:31:02,163 INFO  [__main__] Draw()
19:31:02,169 INFO  [__main__] entering main loop
19:31:02,171 DEBUG [__main__] OnPaint()
19:31:02,171 INFO  [__main__] Draw()
19:31:02,326 DEBUG [__main__] OnPaint()
19:31:02,327 INFO  [__main__] Draw()
19:31:20,007 DEBUG [__main__] OnSize!
19:31:20,008 INFO  [__main__] Draw()
19:31:20,009 DEBUG [__main__] OnSize!
19:31:20,010 INFO  [__main__] Draw()
19:31:20,016 INFO  [__main__] entering main loop
19:31:20,018 DEBUG [__main__] OnPaint()
19:31:20,018 INFO  [__main__] Draw()
19:31:20,030 DEBUG [__main__] OnPaint()
19:31:20,030 INFO  [__main__] Draw()
19:31:20,088 DEBUG [__main__] OnPaint()
19:31:20,089 INFO  [__main__] Draw()
19:33:17,590 DEBUG [__main__] OnSize!
19:33:17,591 INFO  [__main__] Draw()
19:33:17,592 DEBUG [__main__] OnSize!
19:33:17,592 INFO  [__main__] Draw()
19:33:17,597 INFO  [__main__] entering main loop
19:33:17,599 DEBUG [__main__] OnPaint()
19:33:17,599 INFO  [__main__] Draw()
19:33:17,621 DEBUG [__main__] OnPaint()
19:33:17,622 INFO  [__main__] Draw()
19:33:32,055 DEBUG [__main__] OnSize!
19:33:32,056 INFO  [__main__] Draw()
19:33:32,057 DEBUG [__main__] OnSize!
19:33:32,057 INFO  [__main__] Draw()
19:33:32,064 INFO  [__main__] entering main loop
19:33:32,067 DEBUG [__main__] OnPaint()
19:33:32,067 INFO  [__main__] Draw()
19:33:32,150 DEBUG [__main__] OnPaint()
19:33:32,150 INFO  [__main__] Draw()
19:33:48,724 DEBUG [__main__] OnSize!
19:33:48,725 INFO  [__main__] Draw()
19:33:48,726 DEBUG [__main__] OnSize!
19:33:48,726 INFO  [__main__] Draw()
19:33:48,736 INFO  [__main__] entering main loop
19:33:48,738 DEBUG [__main__] OnPaint()
19:33:48,738 INFO  [__main__] Draw()
19:33:48,825 DEBUG [__main__] OnPaint()
19:33:48,825 INFO  [__main__] Draw()
19:33:50,440 DEBUG [__main__] OnPaint()
19:33:50,441 INFO  [__main__] Draw()
19:33:50,445 DEBUG [__main__] OnSize!
19:33:50,445 INFO  [__main__] Draw()
19:33:50,446 DEBUG [__main__] OnSize!
19:33:50,447 INFO  [__main__] Draw()
19:33:50,451 DEBUG [__main__] OnPaint()
19:33:50,452 INFO  [__main__] Draw()
19:33:50,488 DEBUG [__main__] OnPaint()
19:33:50,488 INFO  [__main__] Draw()
19:33:51,559 DEBUG [__main__] OnSize!
19:33:51,559 INFO  [__main__] Draw()
19:33:51,560 DEBUG [__main__] OnSize!
19:33:51,561 INFO  [__main__] Draw()
19:33:51,564 DEBUG [__main__] OnPaint()
19:33:51,564 INFO  [__main__] Draw()
19:33:52,462 DEBUG [__main__] OnSize!
19:33:52,471 INFO  [__main__] Draw()
19:33:52,472 DEBUG [__main__] OnSize!
19:33:52,473 INFO  [__main__] Draw()
19:33:52,477 DEBUG [__main__] OnPaint()
19:33:52,477 INFO  [__main__] Draw()
19:46:52,200 DEBUG [__main__] OnSize!
19:46:52,200 INFO  [__main__] Draw()
19:46:52,201 DEBUG [__main__] OnSize!
19:46:52,201 INFO  [__main__] Draw()
19:46:52,208 INFO  [__main__] entering main loop
19:46:52,210 DEBUG [__main__] OnPaint()
19:46:52,210 INFO  [__main__] Draw()
19:46:52,221 DEBUG [__main__] OnPaint()
19:46:52,221 INFO  [__main__] Draw()
19:46:53,300 DEBUG [__main__] OnMouse!
19:46:53,302 DEBUG [__main__] OnMouse!
19:46:53,304 DEBUG [__main__] OnMouse!
19:46:53,311 DEBUG [__main__] OnMouse!
19:46:53,321 DEBUG [__main__] OnMouse!
19:46:53,328 DEBUG [__main__] OnMouse!
19:46:53,337 DEBUG [__main__] OnMouse!
19:46:53,349 DEBUG [__main__] OnMouse!
19:46:53,352 DEBUG [__main__] OnMouse!
19:46:53,359 DEBUG [__main__] OnMouse!
19:46:53,367 DEBUG [__main__] OnMouse!
19:46:53,376 DEBUG [__main__] OnMouse!
19:46:53,385 DEBUG [__main__] OnMouse!
19:46:53,401 DEBUG [__main__] OnMouse!
19:46:53,407 DEBUG [__main__] OnMouse!
19:46:53,416 DEBUG [__main__] OnMouse!
19:46:53,425 DEBUG [__main__] OnMouse!
19:46:53,431 DEBUG [__main__] OnMouse!
19:46:53,440 DEBUG [__main__] OnMouse!
19:46:53,451 DEBUG [__main__] OnMouse!
19:46:53,458 DEBUG [__main__] OnMouse!
19:46:53,463 DEBUG [__main__] OnMouse!
19:46:53,615 DEBUG [__main__] OnMouse!
19:46:53,623 DEBUG [__main__] OnMouse!
19:46:53,631 DEBUG [__main__] OnMouse!
19:46:53,639 DEBUG [__main__] OnMouse!
19:46:53,647 DEBUG [__main__] OnMouse!
19:46:53,656 DEBUG [__main__] OnMouse!
19:46:53,664 DEBUG [__main__] OnMouse!
19:46:53,671 DEBUG [__main__] OnMouse!
19:46:53,679 DEBUG [__main__] OnMouse!
19:46:53,687 DEBUG [__main__] OnMouse!
19:46:53,698 DEBUG [__main__] OnMouse!
19:46:53,705 DEBUG [__main__] OnMouse!
19:46:53,713 DEBUG [__main__] OnMouse!
19:46:53,719 DEBUG [__main__] OnMouse!
19:46:53,729 DEBUG [__main__] OnMouse!
19:46:53,738 DEBUG [__main__] OnMouse!
19:46:53,743 DEBUG [__main__] OnMouse!
19:46:53,751 DEBUG [__main__] OnMouse!
19:46:53,760 DEBUG [__main__] OnMouse!
19:46:53,769 DEBUG [__main__] OnMouse!
19:46:53,775 DEBUG [__main__] OnMouse!
19:46:54,135 DEBUG [__main__] OnMouse!
19:46:54,143 DEBUG [__main__] OnMouse!
19:46:54,152 DEBUG [__main__] OnMouse!
19:46:54,159 DEBUG [__main__] OnMouse!
19:46:54,167 DEBUG [__main__] OnMouse!
19:46:54,175 DEBUG [__main__] OnMouse!
19:46:54,184 DEBUG [__main__] OnMouse!
19:46:54,192 DEBUG [__main__] OnMouse!
19:46:54,200 DEBUG [__main__] OnMouse!
19:46:54,208 DEBUG [__main__] OnMouse!
19:46:54,218 DEBUG [__main__] OnMouse!
19:46:54,224 DEBUG [__main__] OnMouse!
19:46:54,235 DEBUG [__main__] OnMouse!
19:46:54,240 DEBUG [__main__] OnMouse!
19:46:54,251 DEBUG [__main__] OnMouse!
19:46:54,255 DEBUG [__main__] OnMouse!
19:46:54,263 DEBUG [__main__] OnMouse!
19:46:54,271 DEBUG [__main__] OnMouse!
19:46:54,282 DEBUG [__main__] OnMouse!
19:46:54,287 DEBUG [__main__] OnMouse!
19:46:54,295 DEBUG [__main__] OnMouse!
19:46:54,305 DEBUG [__main__] OnMouse!
19:46:54,313 DEBUG [__main__] OnMouse!
19:46:54,320 DEBUG [__main__] OnMouse!
19:46:54,327 DEBUG [__main__] OnMouse!
19:46:54,337 DEBUG [__main__] OnMouse!
19:46:54,345 DEBUG [__main__] OnMouse!
19:46:54,351 DEBUG [__main__] OnMouse!
19:46:54,359 DEBUG [__main__] OnMouse!
19:46:54,369 DEBUG [__main__] OnMouse!
19:46:54,376 DEBUG [__main__] OnMouse!
19:46:54,384 DEBUG [__main__] OnMouse!
19:47:02,135 DEBUG [__main__] OnSize!
19:47:02,135 INFO  [__main__] Draw()
19:47:02,136 DEBUG [__main__] OnSize!
19:47:02,136 INFO  [__main__] Draw()
19:47:02,143 INFO  [__main__] entering main loop
19:47:02,145 DEBUG [__main__] OnPaint()
19:47:02,146 INFO  [__main__] Draw()
19:47:02,222 DEBUG [__main__] OnPaint()
19:47:02,223 INFO  [__main__] Draw()
19:47:03,386 DEBUG [__main__] OnMouse!
19:47:03,879 DEBUG [__main__] OnMouse!
19:52:41,499 DEBUG [gui.map_frame] OnSize!
19:52:41,499 INFO  [gui.map_frame] Draw()
19:52:41,500 DEBUG [gui.map_frame] OnSize!
19:52:41,500 INFO  [gui.map_frame] Draw()
19:52:41,506 INFO  [gui.map_frame] entering main loop
19:52:41,508 DEBUG [gui.map_frame] OnPaint()
19:52:41,508 INFO  [gui.map_frame] Draw()
19:52:41,523 DEBUG [gui.map_frame] OnPaint()
19:52:41,523 INFO  [gui.map_frame] Draw()
19:52:41,590 DEBUG [gui.map_frame] OnPaint()
19:52:41,590 INFO  [gui.map_frame] Draw()
19:52:42,801 DEBUG [gui.map_frame] OnMouse!
19:52:43,177 DEBUG [gui.map_frame] map_name: Isla Prima, loc: (98, 140)
19:53:26,149 DEBUG [gui.map_frame] OnSize!
19:53:26,149 INFO  [gui.map_frame] Draw()
19:53:26,150 DEBUG [gui.map_frame] OnSize!
19:53:26,150 INFO  [gui.map_frame] Draw()
19:53:26,156 INFO  [gui.map_frame] entering main loop
19:53:26,159 DEBUG [gui.map_frame] OnPaint()
19:53:26,159 INFO  [gui.map_frame] Draw()
19:53:26,175 DEBUG [gui.map_frame] OnPaint()
19:53:26,175 INFO  [gui.map_frame] Draw()
19:53:26,213 DEBUG [gui.map_frame] OnPaint()
19:53:26,213 INFO  [gui.map_frame] Draw()
19:53:27,361 DEBUG [gui.map_frame] OnMouse!
19:53:27,736 DEBUG [gui.map_frame] map_name: Isla Prima, loc: (98, 140)
19:59:30,536 DEBUG [gui.map_frame] OnSize!
19:59:30,537 INFO  [gui.map_frame] Draw()
19:59:30,537 DEBUG [gui.map_frame] OnSize!
19:59:30,537 INFO  [gui.map_frame] Draw()
19:59:30,544 INFO  [gui.map_frame] entering main loop
19:59:30,546 DEBUG [gui.map_frame] OnPaint()
19:59:30,546 INFO  [gui.map_frame] Draw()
19:59:30,603 DEBUG [gui.map_frame] OnPaint()
19:59:30,603 INFO  [gui.map_frame] Draw()
19:59:32,329 DEBUG [gui.map_frame] OnMouse!
19:59:32,669 DEBUG [gui.map_frame] map_name: Isla Prima, loc: (98, 140)
20:00:20,593 DEBUG [gui.map_frame] OnSize!
20:00:20,593 INFO  [gui.map_frame] Draw()
20:00:20,594 DEBUG [gui.map_frame] OnSize!
20:00:20,594 INFO  [gui.map_frame] Draw()
20:00:20,603 INFO  [gui.map_frame] entering main loop
20:00:20,607 DEBUG [gui.map_frame] OnPaint()
20:00:20,607 INFO  [gui.map_frame] Draw()
20:00:20,673 DEBUG [gui.map_frame] OnPaint()
20:00:20,673 INFO  [gui.map_frame] Draw()
20:00:21,752 DEBUG [gui.map_frame] OnMouse!
20:00:22,148 DEBUG [gui.map_frame] map_name: Isla Prima, loc: (98, 140)
20:00:22,149 INFO  [gui.map_frame] Draw()
20:00:32,346 DEBUG [gui.map_frame] OnSize!
20:00:32,346 INFO  [gui.map_frame] Draw()
20:00:32,347 DEBUG [gui.map_frame] OnSize!
20:00:32,347 INFO  [gui.map_frame] Draw()
20:00:32,355 INFO  [gui.map_frame] entering main loop
20:00:32,357 DEBUG [gui.map_frame] OnPaint()
20:00:32,357 INFO  [gui.map_frame] Draw()
20:00:32,369 DEBUG [gui.map_frame] OnPaint()
20:00:32,369 INFO  [gui.map_frame] Draw()
20:00:32,432 DEBUG [gui.map_frame] OnPaint()
20:00:32,433 INFO  [gui.map_frame] Draw()
20:00:33,352 DEBUG [gui.map_frame] OnMouse!
20:00:33,717 DEBUG [gui.map_frame] map_name: Isla Prima, loc: (98, 140)
20:00:33,747 INFO  [gui.map_frame] Draw()
20:00:41,668 DEBUG [gui.map_frame] OnSize!
20:00:41,669 INFO  [gui.map_frame] Draw()
20:00:41,676 DEBUG [gui.map_frame] OnSize!
20:00:41,677 INFO  [gui.map_frame] Draw()
20:00:41,680 DEBUG [gui.map_frame] OnPaint()
20:00:41,681 INFO  [gui.map_frame] Draw()
20:00:42,679 DEBUG [gui.map_frame] OnSize!
20:00:42,679 INFO  [gui.map_frame] Draw()
20:00:42,680 DEBUG [gui.map_frame] OnSize!
20:00:42,681 INFO  [gui.map_frame] Draw()
20:00:42,683 DEBUG [gui.map_frame] OnPaint()
20:00:42,684 INFO  [gui.map_frame] Draw()
20:00:59,249 DEBUG [gui.map_frame] OnSize!
20:00:59,250 INFO  [gui.map_frame] Draw()
20:00:59,251 DEBUG [gui.map_frame] OnSize!
20:00:59,251 INFO  [gui.map_frame] Draw()
20:00:59,268 INFO  [gui.map_frame] entering main loop
20:00:59,270 DEBUG [gui.map_frame] OnPaint()
20:00:59,270 INFO  [gui.map_frame] Draw()
20:00:59,448 DEBUG [gui.map_frame] OnPaint()
20:00:59,448 INFO  [gui.map_frame] Draw()
20:01:01,130 DEBUG [gui.map_frame] OnMouse!
20:01:01,498 DEBUG [gui.map_frame] map_name: Isla Prima, loc: (98, 140)
20:01:01,527 INFO  [gui.map_frame] Draw()
20:01:09,107 DEBUG [gui.map_frame] OnSize!
20:01:09,108 INFO  [gui.map_frame] Draw()
20:01:09,108 DEBUG [gui.map_frame] OnSize!
20:01:09,109 INFO  [gui.map_frame] Draw()
20:01:09,115 INFO  [gui.map_frame] entering main loop
20:01:09,117 DEBUG [gui.map_frame] OnPaint()
20:01:09,117 INFO  [gui.map_frame] Draw()
20:01:09,131 DEBUG [gui.map_frame] OnPaint()
20:01:09,131 INFO  [gui.map_frame] Draw()
20:01:09,181 DEBUG [gui.map_frame] OnPaint()
20:01:09,181 INFO  [gui.map_frame] Draw()
20:01:10,376 DEBUG [gui.map_frame] OnMouse!
20:01:10,762 DEBUG [gui.map_frame] map_name: Isla Prima, loc: (98, 140)
20:01:10,802 INFO  [gui.map_frame] Draw()
20:01:12,067 DEBUG [gui.map_frame] OnPaint()
20:01:12,068 INFO  [gui.map_frame] Draw()
20:01:12,082 DEBUG [gui.map_frame] OnSize!
20:01:12,083 INFO  [gui.map_frame] Draw()
20:01:12,084 DEBUG [gui.map_frame] OnSize!
20:01:12,085 INFO  [gui.map_frame] Draw()
20:01:12,088 DEBUG [gui.map_frame] OnPaint()
20:01:12,089 INFO  [gui.map_frame] Draw()
20:01:13,757 DEBUG [gui.map_frame] OnPaint()
20:01:13,757 INFO  [gui.map_frame] Draw()
20:01:13,761 DEBUG [gui.map_frame] OnSize!
20:01:13,762 INFO  [gui.map_frame] Draw()
20:01:13,763 DEBUG [gui.map_frame] OnSize!
20:01:13,763 INFO  [gui.map_frame] Draw()
20:01:13,767 DEBUG [gui.map_frame] OnPaint()
20:01:13,768 INFO  [gui.map_frame] Draw()
20:01:13,779 DEBUG [gui.map_frame] OnPaint()
20:01:13,780 INFO  [gui.map_frame] Draw()
20:01:14,802 DEBUG [gui.map_frame] OnPaint()
20:01:14,803 INFO  [gui.map_frame] Draw()
20:01:14,817 DEBUG [gui.map_frame] OnSize!
20:01:14,818 INFO  [gui.map_frame] Draw()
20:01:14,819 DEBUG [gui.map_frame] OnSize!
20:01:14,819 INFO  [gui.map_frame] Draw()
20:01:14,825 DEBUG [gui.map_frame] OnPaint()
20:01:14,826 INFO  [gui.map_frame] Draw()
20:01:16,434 DEBUG [gui.map_frame] OnSize!
20:01:16,435 INFO  [gui.map_frame] Draw()
20:01:16,437 DEBUG [gui.map_frame] OnSize!
20:01:16,437 INFO  [gui.map_frame] Draw()
20:01:16,442 DEBUG [gui.map_frame] OnPaint()
20:01:16,443 INFO  [gui.map_frame] Draw()
20:01:34,952 INFO  [gui.map_frame] entering main loop
20:01:34,954 DEBUG [gui.map_frame] OnPaint()
20:01:34,955 INFO  [gui.map_frame] Draw()
20:01:34,971 DEBUG [gui.map_frame] OnPaint()
20:01:34,971 INFO  [gui.map_frame] Draw()
20:01:35,011 DEBUG [gui.map_frame] OnPaint()
20:01:35,011 INFO  [gui.map_frame] Draw()
20:01:52,228 INFO  [gui.map_frame] entering main loop
20:01:52,231 DEBUG [gui.map_frame] OnPaint()
20:01:52,231 INFO  [gui.map_frame] Draw()
20:01:52,288 DEBUG [gui.map_frame] OnPaint()
20:01:52,288 INFO  [gui.map_frame] Draw()
20:01:53,552 DEBUG [gui.map_frame] OnMouse!
20:01:53,909 DEBUG [gui.map_frame] map_name: Isla Prima, loc: (98, 140)
20:01:53,950 INFO  [gui.map_frame] Draw()
20:02:05,630 DEBUG [gui.map_frame] OnPaint()
20:02:05,631 INFO  [gui.map_frame] Draw()
20:02:05,640 DEBUG [gui.map_frame] OnPaint()
20:02:05,641 INFO  [gui.map_frame] Draw()
20:02:08,063 DEBUG [gui.map_frame] OnMouse!
20:02:08,438 DEBUG [gui.map_frame] map_name: Isla Prima, loc: (98, 140)
20:02:08,476 INFO  [gui.map_frame] Draw()
20:02:22,683 DEBUG [gui.map_frame] OnSize!
20:02:22,683 INFO  [gui.map_frame] Draw()
20:02:22,684 DEBUG [gui.map_frame] OnSize!
20:02:22,684 INFO  [gui.map_frame] Draw()
20:02:22,690 INFO  [gui.map_frame] entering main loop
20:02:22,693 DEBUG [gui.map_frame] OnPaint()
20:02:22,693 INFO  [gui.map_frame] Draw()
20:02:22,716 DEBUG [gui.map_frame] OnPaint()
20:02:22,716 INFO  [gui.map_frame] Draw()
20:02:23,825 DEBUG [gui.map_frame] OnMouse!
20:02:24,237 DEBUG [gui.map_frame] map_name: Isla Prima, loc: (98, 140)
20:02:24,283 INFO  [gui.map_frame] Draw()
20:02:31,856 DEBUG [gui.map_frame] OnSize!
20:02:31,856 INFO  [gui.map_frame] Draw()
20:02:31,857 DEBUG [gui.map_frame] OnSize!
20:02:31,857 INFO  [gui.map_frame] Draw()
20:02:31,864 INFO  [gui.map_frame] entering main loop
20:02:31,866 DEBUG [gui.map_frame] OnPaint()
20:02:31,866 INFO  [gui.map_frame] Draw()
20:02:31,925 DEBUG [gui.map_frame] OnPaint()
20:02:31,926 INFO  [gui.map_frame] Draw()
20:02:33,249 DEBUG [gui.map_frame] OnMouse!
20:02:33,632 DEBUG [gui.map_frame] map_name: Isla Prima, loc: (98, 140)
20:02:33,674 INFO  [gui.map_frame] Draw()
